// Jest Snapshot v1, https://goo.gl/fbAQLP

exports[`renders app without crashing 1`] = `
<div>
  <nav
    class="sc-bdvvaa bZczUo"
  >
    <div
      class="sc-dkPtyc dzGntM"
    >
      Home
    </div>
    |
    <div
      class="sc-gsDJrp jKctoZ"
    >
      Providers
    </div>
  </nav>
  <main
    class="sc-hKwCoD Wbdxu"
  >
    <h1
      class="sc-eCImvq"
    >
      CSV Uploader
    </h1>
    <section
      class="sc-jRQAMF gwajd"
    >
      <label
        class="sc-jrQzUz eTpbLd"
      >
        <p>
          select a csv file:
        </p>
        <input
          accept=".csv"
          class="sc-gKckTs ebOPog"
          id="file-input"
          type="file"
        />
        <div
          class="sc-kDThTU gqidNe"
        >
          <svg>
            csv-file.svg
          </svg>
        </div>
        <strong />
      </label>
      <label
        class="sc-iCfLBT dxxwFI"
        for="provider-text"
      >
        Provider:
      </label>
      <input
        class="sc-furvIG jKezbk"
        id="provider-text"
        type="text"
        value=""
      />
      <button
        class="sc-pVTma cWIChi"
        disabled=""
      >
        upload file
      </button>
    </section>
  </main>
  <div
    class="Toastify"
  />
</div>
`;
